// Jest Snapshot v1, https://goo.gl/fbAQLP

exports[`Login Component matches the snapshot 1`] = `
<div>
  <h1>
    Authors' Haven
  </h1>
  <h4>
    Oops, That page does not exist
  </h4>
</div>
`;
