// Jest Snapshot v1, https://goo.gl/fbAQLP

exports[`Login Component matches the snapshot 1`] = `
<div>
  <h1>
    Authors' Haven dummy login page
  </h1>
</div>
`;
